// Jest Snapshot v1, https://goo.gl/fbAQLP

exports[`SearchBar Renders to the page 1`] = `
ShallowWrapper {
  "length": 1,
  Symbol(enzyme.__root__): [Circular],
  Symbol(enzyme.__unrendered__): <SearchBar
    searchForImages={[Function]}
/>,
  Symbol(enzyme.__renderer__): Object {
    "batchedUpdates": [Function],
    "getNode": [Function],
    "render": [Function],
    "simulateEvent": [Function],
    "unmount": [Function],
  },
  Symbol(enzyme.__node__): Object {
    "instance": null,
    "key": null,
    "nodeType": "host",
    "props": Object {
      "children": <form
        onSubmit={[Function]}
>
        <input
                id="InputBar"
                placeholder="Search Imgur for your favorite images"
                type="text"
        />
        <button>
                Search Imgur!
        </button>
</form>,
      "id": "SearchBar",
    },
    "ref": null,
    "rendered": Object {
      "instance": null,
      "key": null,
      "nodeType": "host",
      "props": Object {
        "children": Array [
          <input
            id="InputBar"
            placeholder="Search Imgur for your favorite images"
            type="text"
/>,
          <button>
            Search Imgur!
</button>,
        ],
        "onSubmit": [Function],
      },
      "ref": null,
      "rendered": Array [
        Object {
          "instance": null,
          "key": null,
          "nodeType": "host",
          "props": Object {
            "id": "InputBar",
            "placeholder": "Search Imgur for your favorite images",
            "type": "text",
          },
          "ref": null,
          "rendered": null,
          "type": "input",
        },
        Object {
          "instance": null,
          "key": null,
          "nodeType": "host",
          "props": Object {
            "children": "Search Imgur!",
          },
          "ref": null,
          "rendered": "Search Imgur!",
          "type": "button",
        },
      ],
      "type": "form",
    },
    "type": "div",
  },
  Symbol(enzyme.__nodes__): Array [
    Object {
      "instance": null,
      "key": null,
      "nodeType": "host",
      "props": Object {
        "children": <form
          onSubmit={[Function]}
>
          <input
                    id="InputBar"
                    placeholder="Search Imgur for your favorite images"
                    type="text"
          />
          <button>
                    Search Imgur!
          </button>
</form>,
        "id": "SearchBar",
      },
      "ref": null,
      "rendered": Object {
        "instance": null,
        "key": null,
        "nodeType": "host",
        "props": Object {
          "children": Array [
            <input
              id="InputBar"
              placeholder="Search Imgur for your favorite images"
              type="text"
/>,
            <button>
              Search Imgur!
</button>,
          ],
          "onSubmit": [Function],
        },
        "ref": null,
        "rendered": Array [
          Object {
            "instance": null,
            "key": null,
            "nodeType": "host",
            "props": Object {
              "id": "InputBar",
              "placeholder": "Search Imgur for your favorite images",
              "type": "text",
            },
            "ref": null,
            "rendered": null,
            "type": "input",
          },
          Object {
            "instance": null,
            "key": null,
            "nodeType": "host",
            "props": Object {
              "children": "Search Imgur!",
            },
            "ref": null,
            "rendered": "Search Imgur!",
            "type": "button",
          },
        ],
        "type": "form",
      },
      "type": "div",
    },
  ],
  Symbol(enzyme.__options__): Object {
    "adapter": ReactSixteenAdapter {
      "options": Object {
        "enableComponentDidUpdateOnSetState": true,
      },
    },
  },
}
`;
