// Jest Snapshot v1, https://goo.gl/fbAQLP

exports[`NavBar Renders to the page 1`] = `
ShallowWrapper {
  "length": 1,
  Symbol(enzyme.__root__): [Circular],
  Symbol(enzyme.__unrendered__): <NavBar />,
  Symbol(enzyme.__renderer__): Object {
    "batchedUpdates": [Function],
    "getNode": [Function],
    "render": [Function],
    "simulateEvent": [Function],
    "unmount": [Function],
  },
  Symbol(enzyme.__node__): Object {
    "instance": null,
    "key": null,
    "nodeType": "host",
    "props": Object {
      "children": Array [
        <div
          id="Title"
>
          <div
                    className="MenuItem"
          >
                    Daniel's Imgur
          </div>
</div>,
        <div
          className="NavLinks"
>
          <a
                    href="https://github.com/danielmarcgardner/imgur-photo-viewer"
          >
                    <div
                              className="MenuItem"
                    >
                              GitHub Code
                    </div>
          </a>
</div>,
      ],
      "id": "NavBar",
    },
    "ref": null,
    "rendered": Array [
      Object {
        "instance": null,
        "key": null,
        "nodeType": "host",
        "props": Object {
          "children": <div
            className="MenuItem"
>
            Daniel's Imgur
</div>,
          "id": "Title",
        },
        "ref": null,
        "rendered": Object {
          "instance": null,
          "key": null,
          "nodeType": "host",
          "props": Object {
            "children": "Daniel's Imgur",
            "className": "MenuItem",
          },
          "ref": null,
          "rendered": "Daniel's Imgur",
          "type": "div",
        },
        "type": "div",
      },
      Object {
        "instance": null,
        "key": null,
        "nodeType": "host",
        "props": Object {
          "children": <a
            href="https://github.com/danielmarcgardner/imgur-photo-viewer"
>
            <div
                        className="MenuItem"
            >
                        GitHub Code
            </div>
</a>,
          "className": "NavLinks",
        },
        "ref": null,
        "rendered": Object {
          "instance": null,
          "key": null,
          "nodeType": "host",
          "props": Object {
            "children": <div
              className="MenuItem"
>
              GitHub Code
</div>,
            "href": "https://github.com/danielmarcgardner/imgur-photo-viewer",
          },
          "ref": null,
          "rendered": Object {
            "instance": null,
            "key": null,
            "nodeType": "host",
            "props": Object {
              "children": "GitHub Code",
              "className": "MenuItem",
            },
            "ref": null,
            "rendered": "GitHub Code",
            "type": "div",
          },
          "type": "a",
        },
        "type": "div",
      },
    ],
    "type": "div",
  },
  Symbol(enzyme.__nodes__): Array [
    Object {
      "instance": null,
      "key": null,
      "nodeType": "host",
      "props": Object {
        "children": Array [
          <div
            id="Title"
>
            <div
                        className="MenuItem"
            >
                        Daniel's Imgur
            </div>
</div>,
          <div
            className="NavLinks"
>
            <a
                        href="https://github.com/danielmarcgardner/imgur-photo-viewer"
            >
                        <div
                                    className="MenuItem"
                        >
                                    GitHub Code
                        </div>
            </a>
</div>,
        ],
        "id": "NavBar",
      },
      "ref": null,
      "rendered": Array [
        Object {
          "instance": null,
          "key": null,
          "nodeType": "host",
          "props": Object {
            "children": <div
              className="MenuItem"
>
              Daniel's Imgur
</div>,
            "id": "Title",
          },
          "ref": null,
          "rendered": Object {
            "instance": null,
            "key": null,
            "nodeType": "host",
            "props": Object {
              "children": "Daniel's Imgur",
              "className": "MenuItem",
            },
            "ref": null,
            "rendered": "Daniel's Imgur",
            "type": "div",
          },
          "type": "div",
        },
        Object {
          "instance": null,
          "key": null,
          "nodeType": "host",
          "props": Object {
            "children": <a
              href="https://github.com/danielmarcgardner/imgur-photo-viewer"
>
              <div
                            className="MenuItem"
              >
                            GitHub Code
              </div>
</a>,
            "className": "NavLinks",
          },
          "ref": null,
          "rendered": Object {
            "instance": null,
            "key": null,
            "nodeType": "host",
            "props": Object {
              "children": <div
                className="MenuItem"
>
                GitHub Code
</div>,
              "href": "https://github.com/danielmarcgardner/imgur-photo-viewer",
            },
            "ref": null,
            "rendered": Object {
              "instance": null,
              "key": null,
              "nodeType": "host",
              "props": Object {
                "children": "GitHub Code",
                "className": "MenuItem",
              },
              "ref": null,
              "rendered": "GitHub Code",
              "type": "div",
            },
            "type": "a",
          },
          "type": "div",
        },
      ],
      "type": "div",
    },
  ],
  Symbol(enzyme.__options__): Object {
    "adapter": ReactSixteenAdapter {
      "options": Object {
        "enableComponentDidUpdateOnSetState": true,
      },
    },
  },
}
`;
