// Jest Snapshot v1, https://goo.gl/fbAQLP

exports[`ImageCard Renders to page 1`] = `
ShallowWrapper {
  "length": 1,
  Symbol(enzyme.__root__): [Circular],
  Symbol(enzyme.__unrendered__): <Unknown
    history={
        Object {
            "push": [Function],
          }
    }
    id="fZ8JNw4"
    image="https://i.imgur.com/fZ8JNw4.jpg"
/>,
  Symbol(enzyme.__renderer__): Object {
    "batchedUpdates": [Function],
    "getNode": [Function],
    "render": [Function],
    "simulateEvent": [Function],
    "unmount": [Function],
  },
  Symbol(enzyme.__node__): Object {
    "instance": null,
    "key": null,
    "nodeType": "host",
    "props": Object {
      "children": <div
        className="ImageHeader"
>
        <img
                alt="fZ8JNw4"
                className="Image"
                src="https://i.imgur.com/fZ8JNw4.jpg"
        />
</div>,
      "className": "IndividualCard",
      "onClick": [Function],
    },
    "ref": null,
    "rendered": Object {
      "instance": null,
      "key": null,
      "nodeType": "host",
      "props": Object {
        "children": <img
          alt="fZ8JNw4"
          className="Image"
          src="https://i.imgur.com/fZ8JNw4.jpg"
/>,
        "className": "ImageHeader",
      },
      "ref": null,
      "rendered": Object {
        "instance": null,
        "key": null,
        "nodeType": "host",
        "props": Object {
          "alt": "fZ8JNw4",
          "className": "Image",
          "src": "https://i.imgur.com/fZ8JNw4.jpg",
        },
        "ref": null,
        "rendered": null,
        "type": "img",
      },
      "type": "div",
    },
    "type": "div",
  },
  Symbol(enzyme.__nodes__): Array [
    Object {
      "instance": null,
      "key": null,
      "nodeType": "host",
      "props": Object {
        "children": <div
          className="ImageHeader"
>
          <img
                    alt="fZ8JNw4"
                    className="Image"
                    src="https://i.imgur.com/fZ8JNw4.jpg"
          />
</div>,
        "className": "IndividualCard",
        "onClick": [Function],
      },
      "ref": null,
      "rendered": Object {
        "instance": null,
        "key": null,
        "nodeType": "host",
        "props": Object {
          "children": <img
            alt="fZ8JNw4"
            className="Image"
            src="https://i.imgur.com/fZ8JNw4.jpg"
/>,
          "className": "ImageHeader",
        },
        "ref": null,
        "rendered": Object {
          "instance": null,
          "key": null,
          "nodeType": "host",
          "props": Object {
            "alt": "fZ8JNw4",
            "className": "Image",
            "src": "https://i.imgur.com/fZ8JNw4.jpg",
          },
          "ref": null,
          "rendered": null,
          "type": "img",
        },
        "type": "div",
      },
      "type": "div",
    },
  ],
  Symbol(enzyme.__options__): Object {
    "adapter": ReactSixteenAdapter {
      "options": Object {
        "enableComponentDidUpdateOnSetState": true,
      },
    },
  },
}
`;
